[2026-05-03 13:21:00][ERROR] Cupom inválido
[2026-05-03 13:29:51][ERROR] [2] Undefined array key "coupon_valor" in C:\xampp\htdocs\overgrace\api\services\CartService.php:133
[2026-05-03 16:03:58][ERROR] SQLSTATE[42S02]: Base table or view not found: 1146 Table 'overgrace.coupon' doesn't exist
[2026-05-03 16:03:59][ERROR] SQLSTATE[42S02]: Base table or view not found: 1146 Table 'overgrace.coupon' doesn't exist
[2026-05-03 16:04:52][ERROR] SQLSTATE[42S02]: Base table or view not found: 1146 Table 'overgrace.coupon' doesn't exist
[2026-05-03 16:45:45][ERROR] [2] require_once(api/services/CustomerService.php): Failed to open stream: No such file or directory in C:\xampp\htdocs\overgrace\api\modules\Client\ClientController.php:4
[2026-05-03 16:45:45][ERROR] Failed opening required 'api/services/CustomerService.php' (include_path='C:\xampp\php\PEAR')
[2026-05-03 16:46:16][ERROR] [2] Undefined array key "password" in C:\xampp\htdocs\overgrace\api\services\ClientService.php:28
[2026-05-03 16:46:16][ERROR] [8192] strlen(): Passing null to parameter #1 ($string) of type string is deprecated in C:\xampp\htdocs\overgrace\api\services\ClientService.php:126
[2026-05-03 16:46:23][ERROR] [2] Undefined array key "password" in C:\xampp\htdocs\overgrace\api\services\ClientService.php:28
[2026-05-03 16:46:23][ERROR] [8192] strlen(): Passing null to parameter #1 ($string) of type string is deprecated in C:\xampp\htdocs\overgrace\api\services\ClientService.php:126
[2026-05-03 16:46:36][ERROR] [2] Undefined array key "password" in C:\xampp\htdocs\overgrace\api\services\ClientService.php:28
[2026-05-03 16:46:36][ERROR] [8192] strlen(): Passing null to parameter #1 ($string) of type string is deprecated in C:\xampp\htdocs\overgrace\api\services\ClientService.php:126
[2026-05-03 16:47:01][ERROR] [2] Undefined array key "password" in C:\xampp\htdocs\overgrace\api\services\ClientService.php:28
[2026-05-03 16:47:01][ERROR] [8192] strlen(): Passing null to parameter #1 ($string) of type string is deprecated in C:\xampp\htdocs\overgrace\api\services\ClientService.php:126
[2026-05-03 16:49:13][ERROR] [2] Undefined array key "password" in C:\xampp\htdocs\overgrace\api\services\ClientService.php:28
[2026-05-03 16:49:13][ERROR] [8192] strlen(): Passing null to parameter #1 ($string) of type string is deprecated in C:\xampp\htdocs\overgrace\api\services\ClientService.php:126
[2026-05-03 16:50:32][ERROR] [2] Undefined array key "password" in C:\xampp\htdocs\overgrace\api\services\ClientService.php:28
[2026-05-03 16:50:32][ERROR] [8192] strlen(): Passing null to parameter #1 ($string) of type string is deprecated in C:\xampp\htdocs\overgrace\api\services\ClientService.php:126
[2026-05-03 16:50:44][ERROR] [2] Undefined array key "password" in C:\xampp\htdocs\overgrace\api\services\ClientService.php:28
[2026-05-03 16:50:44][ERROR] [8192] strlen(): Passing null to parameter #1 ($string) of type string is deprecated in C:\xampp\htdocs\overgrace\api\services\ClientService.php:126
[2026-05-03 16:51:04][ERROR] [2] Undefined array key "password" in C:\xampp\htdocs\overgrace\api\services\ClientService.php:28
[2026-05-03 16:51:04][ERROR] [8192] strlen(): Passing null to parameter #1 ($string) of type string is deprecated in C:\xampp\htdocs\overgrace\api\services\ClientService.php:126
[2026-05-03 16:51:18][ERROR] [2] Undefined array key "password" in C:\xampp\htdocs\overgrace\api\services\ClientService.php:28
[2026-05-03 16:51:18][ERROR] [8192] strlen(): Passing null to parameter #1 ($string) of type string is deprecated in C:\xampp\htdocs\overgrace\api\services\ClientService.php:126
[2026-05-03 16:52:35][ERROR] [2] Undefined array key "password" in C:\xampp\htdocs\overgrace\api\services\ClientService.php:28
[2026-05-03 16:52:35][ERROR] [8192] strlen(): Passing null to parameter #1 ($string) of type string is deprecated in C:\xampp\htdocs\overgrace\api\services\ClientService.php:126
[2026-05-03 16:53:00][ERROR] [2] Undefined array key "password" in C:\xampp\htdocs\overgrace\api\services\ClientService.php:28
[2026-05-03 16:53:00][ERROR] [2] Undefined array key "password" in C:\xampp\htdocs\overgrace\api\services\ClientService.php:32
[2026-05-03 16:53:00][ERROR] [8192] password_hash(): Passing null to parameter #1 ($password) of type string is deprecated in C:\xampp\htdocs\overgrace\api\services\ClientService.php:32
[2026-05-03 16:53:01][ERROR] [2] Undefined array key "password" in C:\xampp\htdocs\overgrace\api\services\ClientService.php:28
[2026-05-03 16:53:01][ERROR] [2] Undefined array key "password" in C:\xampp\htdocs\overgrace\api\services\ClientService.php:32
[2026-05-03 16:53:01][ERROR] [8192] password_hash(): Passing null to parameter #1 ($password) of type string is deprecated in C:\xampp\htdocs\overgrace\api\services\ClientService.php:32
[2026-05-03 16:53:44][ERROR] [2] Undefined array key "password" in C:\xampp\htdocs\overgrace\api\services\ClientService.php:28
[2026-05-03 16:53:44][ERROR] [2] Undefined array key "password" in C:\xampp\htdocs\overgrace\api\services\ClientService.php:32
[2026-05-03 16:53:44][ERROR] [8192] password_hash(): Passing null to parameter #1 ($password) of type string is deprecated in C:\xampp\htdocs\overgrace\api\services\ClientService.php:32
[2026-05-03 17:03:39][ERROR] [2] Undefined array key "password" in C:\xampp\htdocs\overgrace\api\services\ClientService.php:28
[2026-05-03 17:03:39][ERROR] [2] Undefined array key "password" in C:\xampp\htdocs\overgrace\api\services\ClientService.php:32
[2026-05-03 17:03:39][ERROR] [8192] password_hash(): Passing null to parameter #1 ($password) of type string is deprecated in C:\xampp\htdocs\overgrace\api\services\ClientService.php:32
[2026-05-03 17:12:54][ERROR] call_user_func_array(): Argument #1 ($callback) must be a valid callback, class ClientController does not have a method "create"
[2026-05-03 17:14:06][ERROR] [2] Undefined array key "password" in C:\xampp\htdocs\overgrace\api\services\ClientService.php:30
[2026-05-03 17:14:06][ERROR] [8192] password_hash(): Passing null to parameter #1 ($password) of type string is deprecated in C:\xampp\htdocs\overgrace\api\services\ClientService.php:30
[2026-05-03 17:15:57][ERROR] [2] Undefined array key "password" in C:\xampp\htdocs\overgrace\api\services\ClientService.php:30
[2026-05-03 17:15:57][ERROR] [8192] password_hash(): Passing null to parameter #1 ($password) of type string is deprecated in C:\xampp\htdocs\overgrace\api\services\ClientService.php:30
[2026-05-03 19:13:42][ERROR] [2] Trying to access array offset on null in C:\wamp64\www\overgrace\api\middleware\RateLimit.php:33
[2026-05-04 13:35:34][ERROR] [2] Undefined array key "password" in C:\xampp\htdocs\overgrace\api\services\ClientService.php:30
[2026-05-04 13:35:34][ERROR] [8192] password_hash(): Passing null to parameter #1 ($password) of type string is deprecated in C:\xampp\htdocs\overgrace\api\services\ClientService.php:30
[2026-05-04 13:40:09][ERROR] [2] Undefined array key "password" in C:\xampp\htdocs\overgrace\api\services\ClientService.php:30
[2026-05-04 13:40:09][ERROR] [8192] password_hash(): Passing null to parameter #1 ($password) of type string is deprecated in C:\xampp\htdocs\overgrace\api\services\ClientService.php:30
[2026-05-04 20:52:16][ERROR] [2] Trying to access array offset on null in C:\wamp64\www\overgrace\api\middleware\RateLimit.php:33
[2026-05-04 20:52:16][ERROR] [2] Trying to access array offset on null in C:\wamp64\www\overgrace\api\middleware\RateLimit.php:33
[2026-05-05 15:44:46][ERROR] [2] Trying to access array offset on value of type null in C:\xampp\htdocs\overgrace\api\middleware\RateLimit.php:33
[2026-05-05 20:46:04][ERROR] SQLSTATE[HY000] [1049] Unknown database 'overgrace'
<<<<<<< HEAD
[2026-05-06 15:20:34][ERROR] [2] Trying to access array offset on value of type null in C:\xampp\htdocs\overgrace\api\middleware\RateLimit.php:33
=======
[2026-05-06 13:35:53][ERROR] [2] Trying to access array offset on null in C:\wamp64\www\overgrace\api\middleware\RateLimit.php:33
>>>>>>> 16a708ddffbfc1548bb43c96feb3becffe1e4f85
[2026-05-07 13:02:15][ERROR] [2] Trying to access array offset on value of type null in C:\xampp\htdocs\overgrace\api\middleware\RateLimit.php:33
[2026-05-11 13:01:23][ERROR] SQLSTATE[42S22]: Column not found: 1054 Unknown column 'name' in 'field list'
[2026-05-11 13:26:39][ERROR] [2] Trying to access array offset on value of type null in C:\xampp\htdocs\overgrace\api\middleware\RateLimit.php:33
[2026-05-11 14:01:04][ERROR] [2] require_once(core/Response.php): Failed to open stream: No such file or directory in C:\xampp\htdocs\overgrace\api\modules\Orders\OrderController.php:3
[2026-05-11 14:01:04][ERROR] Failed opening required 'core/Response.php' (include_path='C:\xampp\php\PEAR')
[2026-05-11 14:02:04][ERROR] [2] require_once(core/Response.php): Failed to open stream: No such file or directory in C:\xampp\htdocs\overgrace\api\modules\Orders\OrderController.php:3
[2026-05-11 14:02:04][ERROR] Failed opening required 'core/Response.php' (include_path='C:\xampp\php\PEAR')
[2026-05-11 14:02:40][ERROR] Class "JWT" not found
[2026-05-11 14:09:27][ERROR] Carrinho não encontrado
[2026-05-11 14:14:01][ERROR] [2] Trying to access array offset on value of type null in C:\xampp\htdocs\overgrace\api\middleware\RateLimit.php:33
[2026-05-11 15:16:08][ERROR] Carrinho não encontrado
[2026-05-12 12:52:39][ERROR] [2] Trying to access array offset on null in C:\wamp64\www\overgrace\api\middleware\RateLimit.php:33
[2026-05-12 12:53:12][ERROR] [2] Trying to access array offset on null in C:\wamp64\www\overgrace\api\middleware\RateLimit.php:33
[2026-05-12 14:57:28][ERROR] SQLSTATE[HY000]: General error: 1366 Incorrect decimal value: '' for column 'custo_unitario' at row 1
[2026-05-12 14:58:25][ERROR] SQLSTATE[HY000]: General error: 1364 Field 'id' doesn't have a default value
[2026-05-12 14:59:10][ERROR] SQLSTATE[HY000]: General error: 1364 Field 'id' doesn't have a default value
[2026-05-12 14:59:19][ERROR] SQLSTATE[HY000]: General error: 1364 Field 'id' doesn't have a default value
[2026-05-12 14:59:21][ERROR] SQLSTATE[HY000]: General error: 1364 Field 'id' doesn't have a default value
[2026-05-12 14:59:28][ERROR] SQLSTATE[HY000]: General error: 1364 Field 'id' doesn't have a default value
[2026-05-12 15:33:23][ERROR] SQLSTATE[22007]: Invalid datetime format: 1292 Incorrect datetime value: '' for column 'fim_exibicao' at row 16
